   1               		.file	"ConfigDescriptor.c"
   2               	__SREG__ = 0x3f
   3               	__SP_H__ = 0x3e
   4               	__SP_L__ = 0x3d
   5               	__CCP__  = 0x34
   6               	__tmp_reg__ = 0
   7               	__zero_reg__ = 1
  15               	.Ltext0:
  16               		.section	.text.USB_GetNextDescriptorOfType,"ax",@progbits
  17               	.global	USB_GetNextDescriptorOfType
  19               	USB_GetNextDescriptorOfType:
  20               	.LFB29:
  21               	.LSM0:
  22               	.LVL0:
  23 0000 CF93      		push r28
  24 0002 DF93      		push r29
  25               	/* prologue: function */
  26               	/* frame size = 0 */
  27 0004 EC01      		movw r28,r24
  28 0006 DB01      		movw r26,r22
  29 0008 00C0      		rjmp .L2
  30               	.LVL1:
  31               	.L4:
  32               	.LBB9:
  33               	.LBB10:
  34               	.LSM1:
  35 000a ED91      		ld r30,X+
  36 000c FC91      		ld r31,X
  37 000e 1197      		sbiw r26,1
  38 0010 8081      		ld r24,Z
  39 0012 90E0      		ldi r25,lo8(0)
  40               	.LSM2:
  41 0014 E80F      		add r30,r24
  42 0016 F91F      		adc r31,r25
  43               	.LVL2:
  44 0018 1196      		adiw r26,1
  45 001a FC93      		st X,r31
  46 001c EE93      		st -X,r30
  47               	.LSM3:
  48 001e 281B      		sub r18,r24
  49 0020 390B      		sbc r19,r25
  50 0022 3983      		std Y+1,r19
  51 0024 2883      		st Y,r18
  52               	.LBE10:
  53               	.LBE9:
  54               	.LSM4:
  55 0026 8181      		ldd r24,Z+1
  56               	.LVL3:
  57 0028 8417      		cp r24,r20
  58 002a 01F0      		breq .L5
  59               	.LVL4:
  60               	.L2:
  61               	.LSM5:
  62 002c 2881      		ld r18,Y
  63 002e 3981      		ldd r19,Y+1
  64 0030 2115      		cp r18,__zero_reg__
  65 0032 3105      		cpc r19,__zero_reg__
  66 0034 01F4      		brne .L4
  67               	.L5:
  68               	/* epilogue start */
  69               	.LSM6:
  70 0036 DF91      		pop r29
  71 0038 CF91      		pop r28
  72               	.LVL5:
  73 003a 0895      		ret
  74               	.LFE29:
  76               		.section	.text.USB_GetNextDescriptorOfTypeBefore,"ax",@progbits
  77               	.global	USB_GetNextDescriptorOfTypeBefore
  79               	USB_GetNextDescriptorOfTypeBefore:
  80               	.LFB30:
  81               	.LSM7:
  82               	.LVL6:
  83 0000 CF93      		push r28
  84 0002 DF93      		push r29
  85               	/* prologue: function */
  86               	/* frame size = 0 */
  87 0004 DC01      		movw r26,r24
  88 0006 EB01      		movw r28,r22
  89 0008 00C0      		rjmp .L7
  90               	.LVL7:
  91               	.L9:
  92               	.LBB11:
  93               	.LBB12:
  94               	.LSM8:
  95 000a E881      		ld r30,Y
  96 000c F981      		ldd r31,Y+1
  97 000e 8081      		ld r24,Z
  98 0010 90E0      		ldi r25,lo8(0)
  99               	.LSM9:
 100 0012 E80F      		add r30,r24
 101 0014 F91F      		adc r31,r25
 102               	.LVL8:
 103 0016 F983      		std Y+1,r31
 104 0018 E883      		st Y,r30
 105               	.LSM10:
 106 001a 681B      		sub r22,r24
 107 001c 790B      		sbc r23,r25
 108 001e 1196      		adiw r26,1
 109 0020 7C93      		st X,r23
 110 0022 6E93      		st -X,r22
 111               	.LBE12:
 112               	.LBE11:
 113               	.LSM11:
 114 0024 8181      		ldd r24,Z+1
 115               	.LVL9:
 116 0026 8417      		cp r24,r20
 117 0028 01F0      		breq .L10
 118               	.LSM12:
 119 002a 8217      		cp r24,r18
 120 002c 01F4      		brne .L7
 121               	.LSM13:
 122 002e 1D92      		st X+,__zero_reg__
 123 0030 1C92      		st X,__zero_reg__
 124 0032 00C0      		rjmp .L10
 125               	.LVL10:
 126               	.L7:
 127               	.LSM14:
 128 0034 6D91      		ld r22,X+
 129 0036 7C91      		ld r23,X
 130 0038 1197      		sbiw r26,1
 131 003a 6115      		cp r22,__zero_reg__
 132 003c 7105      		cpc r23,__zero_reg__
 133 003e 01F4      		brne .L9
 134               	.L10:
 135               	/* epilogue start */
 136               	.LSM15:
 137 0040 DF91      		pop r29
 138 0042 CF91      		pop r28
 139               	.LVL11:
 140 0044 0895      		ret
 141               	.LFE30:
 143               		.section	.text.USB_GetNextDescriptorOfTypeAfter,"ax",@progbits
 144               	.global	USB_GetNextDescriptorOfTypeAfter
 146               	USB_GetNextDescriptorOfTypeAfter:
 147               	.LFB31:
 148               	.LSM16:
 149               	.LVL12:
 150 0000 FF92      		push r15
 151 0002 0F93      		push r16
 152 0004 1F93      		push r17
 153 0006 CF93      		push r28
 154 0008 DF93      		push r29
 155               	/* prologue: function */
 156               	/* frame size = 0 */
 157 000a EC01      		movw r28,r24
 158 000c 8B01      		movw r16,r22
 159 000e F42E      		mov r15,r20
 160               	.LSM17:
 161 0010 422F      		mov r20,r18
 162               	.LVL13:
 163 0012 0E94 0000 		call USB_GetNextDescriptorOfType
 164               	.LVL14:
 165               	.LSM18:
 166 0016 8881      		ld r24,Y
 167 0018 9981      		ldd r25,Y+1
 168 001a 892B      		or r24,r25
 169 001c 01F0      		breq .L14
 170               	.LSM19:
 171 001e CE01      		movw r24,r28
 172 0020 B801      		movw r22,r16
 173 0022 4F2D      		mov r20,r15
 174 0024 0E94 0000 		call USB_GetNextDescriptorOfType
 175               	.L14:
 176               	/* epilogue start */
 177               	.LSM20:
 178 0028 DF91      		pop r29
 179 002a CF91      		pop r28
 180               	.LVL15:
 181 002c 1F91      		pop r17
 182 002e 0F91      		pop r16
 183               	.LVL16:
 184 0030 FF90      		pop r15
 185               	.LVL17:
 186 0032 0895      		ret
 187               	.LFE31:
 189               		.section	.text.USB_GetNextDescriptorComp,"ax",@progbits
 190               	.global	USB_GetNextDescriptorComp
 192               	USB_GetNextDescriptorComp:
 193               	.LFB32:
 194               	.LSM21:
 195               	.LVL18:
 196 0000 AF92      		push r10
 197 0002 BF92      		push r11
 198 0004 CF92      		push r12
 199 0006 DF92      		push r13
 200 0008 EF92      		push r14
 201 000a FF92      		push r15
 202 000c 0F93      		push r16
 203 000e 1F93      		push r17
 204 0010 CF93      		push r28
 205 0012 DF93      		push r29
 206               	/* prologue: function */
 207               	/* frame size = 0 */
 208 0014 6C01      		movw r12,r24
 209 0016 8B01      		movw r16,r22
 210 0018 5A01      		movw r10,r20
 211 001a 00C0      		rjmp .L16
 212               	.LVL19:
 213               	.L19:
 214               	.LBB13:
 215               	.LSM22:
 216 001c F801      		movw r30,r16
 217 001e C081      		ld r28,Z
 218 0020 D181      		ldd r29,Z+1
 219               	.LBB14:
 220               	.LBB15:
 221               	.LSM23:
 222 0022 2881      		ld r18,Y
 223 0024 30E0      		ldi r19,lo8(0)
 224               	.LVL20:
 225               	.LSM24:
 226 0026 CE01      		movw r24,r28
 227               	.LVL21:
 228 0028 820F      		add r24,r18
 229 002a 931F      		adc r25,r19
 230               	.LVL22:
 231 002c 9183      		std Z+1,r25
 232 002e 8083      		st Z,r24
 233               	.LSM25:
 234 0030 A701      		movw r20,r14
 235 0032 421B      		sub r20,r18
 236 0034 530B      		sbc r21,r19
 237 0036 F601      		movw r30,r12
 238 0038 5183      		std Z+1,r21
 239 003a 4083      		st Z,r20
 240               	.LBE15:
 241               	.LBE14:
 242               	.LSM26:
 243 003c F501      		movw r30,r10
 244 003e 0995      		icall
 245               	.LVL23:
 246 0040 8230      		cpi r24,lo8(2)
 247               	.LVL24:
 248 0042 01F0      		breq .L16
 249               	.LSM27:
 250 0044 8130      		cpi r24,lo8(1)
 251 0046 01F4      		brne .L18
 252               	.LSM28:
 253 0048 F801      		movw r30,r16
 254 004a C083      		st Z,r28
 255 004c D183      		std Z+1,r29
 256               	.LSM29:
 257 004e F601      		movw r30,r12
 258 0050 F182      		std Z+1,r15
 259 0052 E082      		st Z,r14
 260 0054 00C0      		rjmp .L18
 261               	.LVL25:
 262               	.L16:
 263               	.LBE13:
 264               	.LSM30:
 265 0056 F601      		movw r30,r12
 266 0058 E080      		ld r14,Z
 267 005a F180      		ldd r15,Z+1
 268 005c E114      		cp r14,__zero_reg__
 269 005e F104      		cpc r15,__zero_reg__
 270 0060 01F4      		brne .L19
 271 0062 82E0      		ldi r24,lo8(2)
 272               	.LVL26:
 273               	.L18:
 274               	.LVL27:
 275               	/* epilogue start */
 276               	.LSM31:
 277 0064 DF91      		pop r29
 278 0066 CF91      		pop r28
 279 0068 1F91      		pop r17
 280 006a 0F91      		pop r16
 281               	.LVL28:
 282 006c FF90      		pop r15
 283 006e EF90      		pop r14
 284 0070 DF90      		pop r13
 285 0072 CF90      		pop r12
 286               	.LVL29:
 287 0074 BF90      		pop r11
 288 0076 AF90      		pop r10
 289               	.LVL30:
 290 0078 0895      		ret
 291               	.LFE32:
 341               	.Letext0:
DEFINED SYMBOLS
                            *ABS*:00000000 ConfigDescriptor.c
/var/folders/KW/KWwoW47UH6m3Y+J-oxx+lE+++TI/-Tmp-//ccBKxS8z.s:2      *ABS*:0000003f __SREG__
/var/folders/KW/KWwoW47UH6m3Y+J-oxx+lE+++TI/-Tmp-//ccBKxS8z.s:3      *ABS*:0000003e __SP_H__
/var/folders/KW/KWwoW47UH6m3Y+J-oxx+lE+++TI/-Tmp-//ccBKxS8z.s:4      *ABS*:0000003d __SP_L__
/var/folders/KW/KWwoW47UH6m3Y+J-oxx+lE+++TI/-Tmp-//ccBKxS8z.s:5      *ABS*:00000034 __CCP__
/var/folders/KW/KWwoW47UH6m3Y+J-oxx+lE+++TI/-Tmp-//ccBKxS8z.s:6      *ABS*:00000000 __tmp_reg__
/var/folders/KW/KWwoW47UH6m3Y+J-oxx+lE+++TI/-Tmp-//ccBKxS8z.s:7      *ABS*:00000001 __zero_reg__
/var/folders/KW/KWwoW47UH6m3Y+J-oxx+lE+++TI/-Tmp-//ccBKxS8z.s:19     .text.USB_GetNextDescriptorOfType:00000000 USB_GetNextDescriptorOfType
/var/folders/KW/KWwoW47UH6m3Y+J-oxx+lE+++TI/-Tmp-//ccBKxS8z.s:79     .text.USB_GetNextDescriptorOfTypeBefore:00000000 USB_GetNextDescriptorOfTypeBefore
/var/folders/KW/KWwoW47UH6m3Y+J-oxx+lE+++TI/-Tmp-//ccBKxS8z.s:146    .text.USB_GetNextDescriptorOfTypeAfter:00000000 USB_GetNextDescriptorOfTypeAfter
/var/folders/KW/KWwoW47UH6m3Y+J-oxx+lE+++TI/-Tmp-//ccBKxS8z.s:192    .text.USB_GetNextDescriptorComp:00000000 USB_GetNextDescriptorComp

NO UNDEFINED SYMBOLS
